

Test #0
Testing Az=-16.19161588175891 El=47.7202118610557 Tl=-151.16670963902888
Got Az=-16.19161588175894 El=47.7202118610557 Tl=-151.1667096390289


Test #1
Testing Az=-27.354789609823797 El=156.2188356722699 Tl=-60.723937812724245
Got Az=-27.35478960982372 El=156.21883567226982 Tl=-60.723937812724266


Test #2
Testing Az=-95.81210427886725 El=-98.52369407759393 Tl=-106.02837699587289
Got Az=-84.18789572113279 El=81.476305922406 Tl=73.97162300412707
