	Raw Packet:	03 00 00 00 00 00 00 10 00 04 17 5f 70 6e 67 a4 
	Revision: 	3
	MAC address: 	00:00:00:00:00:00
	Method: 	GET
	Direction: 	Downstream
	RPC Namespace Index: 	0
	Data Size: 	4
	CRC: 		17 
	D-CRC: 		a4 
	RPC: 		_png
	Data: 		

03 00 00 00 00 00 00 10 00 04 17 5F 70 6E 67 A4
	Raw Packet:	03 00 00 00 00 00 00 10 00 04 17 5f 70 6e 67 a4 
	Revision: 	3
	MAC address: 	00:00:00:00:00:00
	Method: 	GET
	Direction: 	Downstream
	RPC Namespace Index: 	0
	Data Size: 	4
	CRC: 		17 
	D-CRC: 		a4 
	RPC: 		_png
	Data: 		

	Raw Packet:	03 00 00 00 00 00 00 10 00 04 17 5f 70 6e 67 a4 
	Revision: 	3
	MAC address: 	00:00:00:00:00:00
	Method: 	GET
	Direction: 	Downstream
	RPC Namespace Index: 	0
	Data Size: 	4
	CRC: 		17 
	D-CRC: 		a4 
	RPC: 		_png
	Data: 		

03 00 00 00 00 00 00 10 00 04 17 5F 70 6E 67 A4
	Raw Packet:	03 00 00 00 00 00 00 10 00 04 17 5f 70 6e 67 a4 
	Revision: 	3
	MAC address: 	00:00:00:00:00:00
	Method: 	GET
	Direction: 	Downstream
	RPC Namespace Index: 	0
	Data Size: 	4
	CRC: 		17 
	D-CRC: 		a4 
	RPC: 		_png
	Data: 		

