Read test
Iterator test
Pop test
Looped through index 0
Read test
Iterator test
Pop test
Looped through index 1
Read test
Iterator test
Pop test
Looped through index 2
Read test
Iterator test
Pop test
Looped through index 0
Read test
Iterator test
Pop test
Looped through index 1
Read test
Iterator test
Pop test
Looped through index 2
